<?xml version="1.0" encoding="UTF-8"?><mappingRoot xmlns="http://www.ibm.com/2008/ccl/Mapping" domainID="com.ibm.msl.mapping.xml" domainIDExtension="mb" mainMap="true" targetNamespace="GooglePubSubResource" version="8.0.5.0" xmlns:map="GooglePubSubResource">
    <input path="jar:file://!com/ibm/etools/mft/map/xsds/predefined/JsonDomainMsg.xsd" var="var2"/>
    <input derivedFrom="MB:JSON_schema_in_json_file" path="/inboundMessage.schema.json" var="var"/>
    <input path="/Variables.xsd" var="var4"/>
    <output path="jar:file://!com/ibm/etools/mft/map/xsds/predefined/JsonDomainMsg.xsd" var="var3"/>
    <output derivedFrom="MB:JSON_schema_in_json_file" path="/inboundMessage.schema.json" var="var1"/>
    <namespaces>
        <namespace kind="supplement" prefix="io" uri="http://www.ibm.com/iib/msl/json"/>
    </namespaces>
    <generation engine="xquery"/>
    <mappingDeclaration name="anyDupMsg">
        <input namespace="http://www.ibm.com/iib/msl/json" path="$var2/mb:msg(JSON,assembly,JSON,LocalEnvironment,Properties)" var="MessageAssembly">
            <cast derivedFrom="MB:JSON_TYPE" path="$MessageAssembly/JSON/Data/type('anyType')" qualifier="{http://www.ibm.com/iib/msl/json}inboundMessage.schema_JsonType" ref="var"/>
            <cast derivedFrom="MB:JSON_schema_in_json_file" path="$MessageAssembly/LocalEnvironment/Variables/any" qualifier="{http://www.ibm.com/iib/msl/json}inboundMessage.schema" ref="var"/>
            <cast path="$MessageAssembly/LocalEnvironment/Variables/any" qualifier="token" ref="var4"/>
        </input>
        <output namespace="http://www.ibm.com/iib/msl/json" path="$var3/mb:msg(JSON,assembly,JSON,LocalEnvironment,Properties)" var="MessageAssembly1">
            <cast derivedFrom="MB:JSON_TYPE" path="$MessageAssembly1/JSON/Data/type('anyType')" qualifier="{http://www.ibm.com/iib/msl/json}inboundMessage.schema_JsonType" ref="var1"/>
            <cast path="$MessageAssembly1/LocalEnvironment/Variables/any" qualifier="token" ref="var4"/>
            <cast derivedFrom="MB:JSON_schema_in_json_file" path="$MessageAssembly1/LocalEnvironment/Variables/any" qualifier="{http://www.ibm.com/iib/msl/json}inboundMessage.schema" ref="var1"/>
        </output>
        <move>
            <input path="$MessageAssembly/Properties" var="Properties"/>
            <output path="$MessageAssembly1/Properties"/>
        </move>
        <foreach>
            <input path="$MessageAssembly/JSON/spath('Data',2)/receivedMessages/Item" var="Item1"/>
            <input auxiliary="true" path="$MessageAssembly/LocalEnvironment/Variables/inboundMessage.schema/receivedMessages/Item" var="Item3"/>
            <output path="$MessageAssembly1/JSON/spath('Data',2)/receivedMessages/Item"/>
            <condition>
                <if>
                    <input path="$Item1/." var="Item"/>
                    <output path="."/>
                    <test lang="xpath">$Item1-index=1</test>
                    <assign value="no">
                        <output path="dupMsg"/>
                    </assign>
                    <move>
                        <input path="$Item/message" var="message"/>
                        <output path="message"/>
                    </move>
                    <move>
                        <input path="$Item/ackId" var="ackId"/>
                        <output path="ackId"/>
                    </move>
                </if>
                <else>
                    <input path="$Item1/." var="Item4"/>
                    <input path="$Item3/." var="Item5"/>
                    <output path="."/>
                    <move>
                        <input path="$Item4/message" var="message1"/>
                        <output path="message"/>
                    </move>
                    <move>
                        <input path="$Item4/ackId" var="ackId1"/>
                        <output path="ackId"/>
                    </move>
                    <condition>
                        <if>
                            <input path="$Item4/message/data" var="data"/>
                            <input path="$Item5/." var="Item6"/>
                            <output path="dupMsg"/>
                            <test lang="xpath">$data=$Item6[($Item1-index)-1]/message/data</test>
                            <assign value="yes">
                                <output path="."/>
                            </assign>
                        </if>
                        <else>
                            <output path="dupMsg"/>
                            <assign value="no">
                                <output path="."/>
                            </assign>
                        </else>
                    </condition>
                </else>
            </condition>
        </foreach>
        <move>
            <input path="$MessageAssembly/LocalEnvironment"/>
            <output path="$MessageAssembly1/LocalEnvironment"/>
            <override>
                <move>
                    <input path="$MessageAssembly/LocalEnvironment/Variables/token"/>
                    <output path="$MessageAssembly1/LocalEnvironment/Variables/token"/>
                </move>
                <move>
                    <input path="$MessageAssembly/LocalEnvironment/Variables/inboundMessage.schema"/>
                    <output path="$MessageAssembly1/LocalEnvironment/Variables/inboundMessage.schema"/>
                </move>
            </override>
        </move>
    </mappingDeclaration>
</mappingRoot>