<?xml version="1.0" encoding="UTF-8"?><mappingRoot xmlns="http://www.ibm.com/2008/ccl/Mapping" domainID="com.ibm.msl.mapping.xml" domainIDExtension="mb" mainMap="true" targetNamespace="GooglePubSubResource" version="8.0.5.0" xmlns:map="GooglePubSubResource">
    <input path="/Variables.xsd" var="var"/>
    <output path="jar:file://!com/ibm/etools/mft/map/xsds/predefined/BlobMessage.xsd"/>
    <generation engine="xquery"/>
    <mappingDeclaration name="getEnvironmentUrl">
        <output path="mb:msg(BLOB,assembly,BLOB,LocalEnvironment,Properties)">
            <cast path="LocalEnvironment/Variables/any" qualifier="googleTokenUrl" ref="var"/>
            <cast path="LocalEnvironment/Variables/any" qualifier="googleMsgUrl" ref="var"/>
        </output>
        <assign value="http://10.1.200.74:2011">
            <output path="LocalEnvironment/Variables/googleTokenUrl"/>
        </assign>
        <assign value="http://10.1.200.74:2013/v1/projects/awgr-masc-stg-01-ops/subscriptions/">
            <output path="LocalEnvironment/Variables/googleMsgUrl"/>
        </assign>
    </mappingDeclaration>
</mappingRoot>