<?xml version="1.0" encoding="UTF-8"?><mappingRoot xmlns="http://www.ibm.com/2008/ccl/Mapping" domainID="com.ibm.msl.mapping.xml" domainIDExtension="mb" mainMap="true" targetNamespace="GooglePubSubResource" version="8.0.5.0" xmlns:map="GooglePubSubResource">
    <input path="jar:file://!com/ibm/etools/mft/map/xsds/predefined/JsonDomainMsg.xsd" var="var2"/>
    <input derivedFrom="MB:JSON_schema_in_json_file" path="/BearToken.schema.json" var="var"/>
    <input path="/Variables.xsd" var="var5"/>
    <input derivedFrom="MB:JSON_schema_in_json_file" path="/acknowledgeMessage.schema.json" var="var8"/>
    <output path="jar:file://!com/ibm/etools/mft/map/xsds/predefined/JsonDomainMsg.xsd" var="var7"/>
    <output derivedFrom="MB:JSON_schema_in_json_file" path="/acknowledgeMessage.schema.json" var="var6"/>
    <imports>
        <import kind="java" location="GooglePubSubResource.GoogleTokenSession" namespace="xalan://GooglePubSubResource.GoogleTokenSession"/>
        <import kind="java" location="GooglePubSubResource.Environment" namespace="xalan://GooglePubSubResource.Environment"/>
    </imports>
    <namespaces>
        <namespace kind="supplement" prefix="io" uri="http://www.ibm.com/iib/msl/json"/>
        <namespace kind="extension" prefix="fn" uri="http://www.w3.org/2005/xpath-functions"/>
        <namespace kind="extension" prefix="GoogleTokenSession" uri="xalan://GooglePubSubResource.GoogleTokenSession"/>
        <namespace kind="extension" prefix="Environment" uri="xalan://GooglePubSubResource.Environment"/>
    </namespaces>
    <generation engine="xquery"/>
    <mappingDeclaration name="PullAckMessage_setNewToken">
        <input namespace="http://www.ibm.com/iib/msl/json" path="$var2/mb:msg(JSON,assembly,JSON,LocalEnvironment,Properties)" var="MessageAssembly">
            <cast derivedFrom="MB:JSON_TYPE" path="$MessageAssembly/JSON/Data/type('anyType')" qualifier="{http://www.ibm.com/iib/msl/json}BearToken.schema_JsonType" ref="var" var="anyType"/>
            <cast derivedFrom="MB:JSON_schema_in_json_file" path="$MessageAssembly/LocalEnvironment/Variables/any" qualifier="{http://www.ibm.com/iib/msl/json}acknowledgeMessage.schema" ref="var8"/>
        </input>
        <output namespace="http://www.ibm.com/iib/msl/json" path="$var7/mb:msg(JSON,assembly,JSON,LocalEnvironment,Properties)" var="MessageAssembly2">
            <cast derivedFrom="MB:JSON_TYPE" path="$MessageAssembly2/JSON/Data/type('anyType')" qualifier="{http://www.ibm.com/iib/msl/json}acknowledgeMessage.schema_JsonType" ref="var6" var="anyType2"/>
            <cast derivedFrom="MB:JSON_schema_in_json_file" path="$MessageAssembly2/LocalEnvironment/Variables/any" qualifier="{http://www.ibm.com/iib/msl/json}acknowledgeMessage.schema" ref="var6" var="any3"/>
            <cast path="$MessageAssembly2/LocalEnvironment/Variables/any" qualifier="accessToken" ref="var5" var="any4"/>
        </output>
        <customFunction lang="java" ref="GoogleTokenSession:setToken">
            <input path="$MessageAssembly/JSON/spath('Data',2)/access_token" var="access_token1"/>
            <input path="$MessageAssembly/JSON/spath('Data',2)/expires_in" var="expires_in"/>
            <output path="$MessageAssembly2/LocalEnvironment/Variables/accessToken"/>
            <param name="accessToken" value="$access_token1"/>
            <param name="expiredInNbrOfSeconds" value="$expires_in"/>
        </customFunction>
        <move>
            <input path="$MessageAssembly/Properties"/>
            <output path="$MessageAssembly2/Properties"/>
        </move>
        <move>
            <input path="$MessageAssembly/LocalEnvironment/Variables/acknowledgeMessage.schema"/>
            <output path="$MessageAssembly2/LocalEnvironment/Variables/acknowledgeMessage.schema"/>
        </move>
    </mappingDeclaration>
</mappingRoot>