<?xml version="1.0" encoding="UTF-8"?><mappingRoot xmlns="http://www.ibm.com/2008/ccl/Mapping" domainID="com.ibm.msl.mapping.xml" domainIDExtension="mb" mainMap="true" targetNamespace="GooglePubSubResource" version="8.0.5.0" xmlns:map="GooglePubSubResource">
    <input path="jar:file://!com/ibm/etools/mft/map/xsds/predefined/JsonDomainMsg.xsd" var="var1"/>
    <input derivedFrom="MB:JSON_schema_in_json_file" path="/inboundMessage.schema.json" var="var"/>
    <output path="jar:file://!com/ibm/etools/mft/map/xsds/predefined/JsonDomainMsg.xsd" var="var3"/>
    <output derivedFrom="MB:JSON_schema_in_json_file" path="/inboundMessage.schema.json" var="var2"/>
    <namespaces>
        <namespace kind="supplement" prefix="in" uri="http://www.ibm.com/iib/msl/json"/>
    </namespaces>
    <generation engine="xquery"/>
    <mappingDeclaration name="sortBase64Data">
        <input namespace="http://www.ibm.com/iib/msl/json" path="$var1/mb:msg(JSON,assembly,JSON,LocalEnvironment,Properties)" var="MessageAssembly">
            <cast derivedFrom="MB:JSON_TYPE" path="$MessageAssembly/JSON/Data/type('anyType')" qualifier="{http://www.ibm.com/iib/msl/json}inboundMessage.schema_JsonType" ref="var"/>
        </input>
        <output namespace="http://www.ibm.com/iib/msl/json" path="$var3/mb:msg(JSON,assembly,JSON,LocalEnvironment,Properties)" var="MessageAssembly1">
            <cast derivedFrom="MB:JSON_TYPE" path="$MessageAssembly1/JSON/Data/type('anyType')" qualifier="{http://www.ibm.com/iib/msl/json}inboundMessage.schema_JsonType" ref="var2"/>
        </output>
        <move>
            <input path="$MessageAssembly/Properties"/>
            <output path="$MessageAssembly1/Properties"/>
        </move>
        <foreach>
            <input path="$MessageAssembly/JSON/spath('Data',2)/receivedMessages/Item"/>
            <output path="$MessageAssembly1/JSON/spath('Data',2)/receivedMessages/Item"/>
            <sort>
                <field dataOrder="lexical" modifier="ASC" path="message/data"/>
            </sort>
            <move>
                <input path="."/>
                <output path="."/>
            </move>
        </foreach>
        <move>
            <input path="$MessageAssembly/LocalEnvironment"/>
            <output path="$MessageAssembly1/LocalEnvironment"/>
        </move>
    </mappingDeclaration>
</mappingRoot>