<?xml version="1.0" encoding="UTF-8"?><mappingRoot xmlns="http://www.ibm.com/2008/ccl/Mapping" domainID="com.ibm.msl.mapping.xml" domainIDExtension="mb" mainMap="true" targetNamespace="GooglePubSubResource" version="8.0.5.0" xmlns:map="GooglePubSubResource">
    <input path="jar:file://!com/ibm/etools/mft/map/xsds/predefined/JsonDomainMsg.xsd" var="var6"/>
    <input derivedFrom="MB:JSON_schema_in_json_file" path="/inboundMessage.schema.json" var="var4"/>
    <input path="/Variables.xsd" var="var8"/>
    <output path="jar:file://!com/ibm/etools/mft/map/xsds/predefined/JsonDomainMsg.xsd" var="var7"/>
    <output derivedFrom="MB:JSON_schema_in_json_file" path="/inboundMessage.schema.json" var="var5"/>
    <namespaces>
        <namespace kind="supplement" prefix="io" uri="http://www.ibm.com/iib/msl/json"/>
    </namespaces>
    <generation engine="xquery"/>
    <mappingDeclaration name="splitMessagesByPublishTime">
        <input namespace="http://www.ibm.com/iib/msl/json" path="$var6/mb:msg(JSON,assembly,JSON,LocalEnvironment,Properties)" var="MessageAssembly">
            <cast derivedFrom="MB:JSON_TYPE" path="$MessageAssembly/JSON/Data/type('anyType')" qualifier="{http://www.ibm.com/iib/msl/json}inboundMessage.schema_JsonType" ref="var4"/>
            <cast path="$MessageAssembly/LocalEnvironment/Variables/any" qualifier="totalMessages" ref="var8"/>
            <cast path="$MessageAssembly/LocalEnvironment/Variables/any" qualifier="token" ref="var8"/>
            <cast derivedFrom="MB:JSON_schema_in_json_file" path="$MessageAssembly/LocalEnvironment/Variables/any" qualifier="{http://www.ibm.com/iib/msl/json}inboundMessage.schema" ref="var4"/>
        </input>
        <output namespace="http://www.ibm.com/iib/msl/json" path="$var7/mb:msg(JSON,assembly,JSON,LocalEnvironment,Properties)" var="MessageAssembly2">
            <cast derivedFrom="MB:JSON_TYPE" path="$MessageAssembly2/JSON/Data/type('anyType')" qualifier="{http://www.ibm.com/iib/msl/json}inboundMessage.schema_JsonType" ref="var5"/>
            <cast path="$MessageAssembly2/LocalEnvironment/Variables/any" qualifier="dupMessage" ref="var8"/>
            <cast path="$MessageAssembly2/LocalEnvironment/Variables/any" qualifier="totalMessages" ref="var8"/>
            <cast path="$MessageAssembly2/LocalEnvironment/Variables/any" qualifier="indexCount" ref="var8"/>
            <cast path="$MessageAssembly2/LocalEnvironment/Variables/any" qualifier="token" ref="var8"/>
            <cast derivedFrom="MB:JSON_schema_in_json_file" path="$MessageAssembly2/LocalEnvironment/Variables/any" qualifier="{http://www.ibm.com/iib/msl/json}inboundMessage.schema" ref="var5"/>
        </output>
        <foreach>
            <input path="$MessageAssembly/JSON/spath('Data',2)/receivedMessages/Item" var="Item1"/>
            <input auxiliary="true" path="$MessageAssembly/Properties" var="Properties1"/>
            <input auxiliary="true" path="$MessageAssembly/LocalEnvironment" var="LocalEnvironment"/>
            <output path="$MessageAssembly2/."/>
            <move>
                <input path="$Properties1/." var="Properties1"/>
                <output path="Properties"/>
            </move>
            <move>
                <input path="$Item1/."/>
                <output path="JSON/spath('Data',2)/receivedMessages/Item"/>
            </move>
            <move>
                <input path="$LocalEnvironment/." var="LocalEnvironment"/>
                <output path="LocalEnvironment"/>
                <override>
                    <expression>
                        <output path="LocalEnvironment/Destination/MQ/DestinationData/queueName"/>
                        <code lang="xpath">iib:getUserDefinedProperty('awgQueue')</code>
                    </expression>
                    <move>
                        <input path="$Item1/dupMsg"/>
                        <output path="LocalEnvironment/Variables/dupMessage"/>
                    </move>
                    <expression>
                        <output path="LocalEnvironment/Wildcard/WildcardMatch"/>
                        <code lang="xpath">$Item1-index</code>
                    </expression>
                    <move>
                        <input path="$LocalEnvironment/Variables/totalMessages"/>
                        <output path="LocalEnvironment/Variables/totalMessages"/>
                    </move>
                    <expression>
                        <output path="LocalEnvironment/Variables/indexCount"/>
                        <code lang="xpath">$Item1-index</code>
                    </expression>
                    <move>
                        <input path="$LocalEnvironment/Variables/token"/>
                        <output path="LocalEnvironment/Variables/token"/>
                    </move>
                    <move>
                        <input path="$LocalEnvironment/Variables/inboundMessage.schema"/>
                        <output path="LocalEnvironment/Variables/inboundMessage.schema"/>
                    </move>
                </override>
            </move>
        </foreach>
    </mappingDeclaration>
</mappingRoot>