<?xml version="1.0" encoding="UTF-8"?><mappingRoot xmlns="http://www.ibm.com/2008/ccl/Mapping" domainID="com.ibm.msl.mapping.xml" domainIDExtension="mb" mainMap="true" targetNamespace="GooglePubSubResource" version="8.0.5.0" xmlns:map="GooglePubSubResource">
    <input path="/StringJSON.xsd"/>
    <output path="/StringJSONoutput.xsd"/>
    <imports>
        <import kind="java" location="GooglePubSubResource.ConvertDataTypes" namespace="xalan://GooglePubSubResource.ConvertDataTypes"/>
    </imports>
    <namespaces>
        <namespace kind="extension" prefix="ConvertDataTypes" uri="xalan://GooglePubSubResource.ConvertDataTypes"/>
    </namespaces>
    <generation engine="xquery"/>
    <mappingDeclaration name="SplitMaWMSmessage_buildJSONmsg">
        <input path="mb:msg(StringJSON,assembly,DFDL,Properties)" var="MessageAssembly"/>
        <output path="mb:msg(StringJSONoutput,assembly,DFDL,Properties)" var="MessageAssembly1"/>
        <move>
            <input path="$MessageAssembly/Properties"/>
            <output path="$MessageAssembly1/Properties"/>
        </move>
        <customFunction lang="java" ref="ConvertDataTypes:buildJSONmessage">
            <input path="$MessageAssembly/StringJSON/record[1]/googleMsgID" var="googleMsgID"/>
            <input path="$MessageAssembly/StringJSON/record/stringJSONvalue" var="stringJSONvalue"/>
            <output path="$MessageAssembly1/StringJSONoutput/record/jsonStringValue"/>
            <param name="googleID" value="$googleMsgID"/>
            <param name="jsonValue" value="$stringJSONvalue"/>
        </customFunction>
    </mappingDeclaration>
</mappingRoot>